# This is a sample menu.lst file. You should make some changes to it.
# The old install method of booting via the stage-files has been removed.
# Please install GRLDR boot strap code to MBR with the bootlace.com
# utility under DOS/Win9x or Linux.
set ns=192.168.135.231

ipxe console --x 800 --y 600
graphicsmode -1 800

font  http://%ns%/unifont.hex

#timeout 30
default 0

title san usb
	ipxe set keep-san 1
	ipxe sanhook -d 0x80 iscsi:%ns%::::usb
	root (0x80,0)
	pxe keep
	configfile /menu.lst
	
title win10xpe.wim with san usb
    	ipxe set keep-san 1
	ipxe sanhook -d 0x80 iscsi:%ns%::::usb
	ipxe imgfree grldr
	ipxe kernel http://%ns%/wimboot
	ipxe initrd http://%ns%/bootmgr		bootmgr
	ipxe initrd http://%ns%/bcd         	BCD
	ipxe initrd http://%ns%/boot.sdi    	boot.sdi
	ipxe initrd http://%ns%/bootmgr.exe	bootmgr.exe
	ipxe initrd http://%ns%/boot.wim 	boot.wim
	ipxe boot	

title 19h1x64.wim with san usb
    	ipxe set keep-san 1
	ipxe sanhook -d 0x80 iscsi:%ns%::::usb
	ipxe imgfree grldr
	ipxe kernel http://%ns%/wimboot
	ipxe initrd http://%ns%/bootmgr		bootmgr
	ipxe initrd http://%ns%/bcd         	BCD
	ipxe initrd http://%ns%/boot.sdi    	boot.sdi
	ipxe initrd http://%ns%/bootmgr.exe	bootmgr.exe
	ipxe initrd http://%ns%/19h1x64.wim 	boot.wim
	ipxe boot

title NoName-Xpe.iso
	map --mem http://%ns%/winvblock.img (fd1)	
	map --mem (md)0x6000+800 (fd0)
	map --mem http://%ns%/NoName.iso (0xff)
	map --hook
	root (0xff)
	dd if=(fd1) of=(fd0) count=1
	chainloader /RXPE/SETUPLDR.BIN 
	pxe keep
	boot

title Grub命令列
commandline

title reload
configfile

title reboot
reboot